Correct
allocated inodes on test-disk1: found 0 expected 2
