sb: num inodes [/tmp/hshinde/test-disk1]: found 0 expected 1024
